/home/ck/Desktop/Workspace/STM32CubeIDE Workspace/STM32N6570-Ethernet/FSBL/Core/Src/main.c:571:1:__io_putchar	1
/home/ck/Desktop/Workspace/STM32CubeIDE Workspace/STM32N6570-Ethernet/FSBL/Core/Src/main.c:638:6:HAL_TIM_PeriodElapsedCallback	2
/home/ck/Desktop/Workspace/STM32CubeIDE Workspace/STM32N6570-Ethernet/FSBL/Core/Src/main.c:657:6:Error_Handler	1
/home/ck/Desktop/Workspace/STM32CubeIDE Workspace/STM32N6570-Ethernet/FSBL/Core/Src/main.c:60:6:SystemClock_Config	9
/home/ck/Desktop/Workspace/STM32CubeIDE Workspace/STM32N6570-Ethernet/FSBL/Core/Src/main.c:433:6:MX_SDMMC2_SD_Init	1
/home/ck/Desktop/Workspace/STM32CubeIDE Workspace/STM32N6570-Ethernet/FSBL/Core/Src/main.c:24:5:main	9
