/home/ck/Desktop/Workspace/STM32CubeIDE Workspace/STM32N6570-Ethernet/FSBL/Core/Src/stm32n6xx_hal_msp.c:62:6:HAL_MspInit	8	static
/home/ck/Desktop/Workspace/STM32CubeIDE Workspace/STM32N6570-Ethernet/FSBL/Core/Src/stm32n6xx_hal_msp.c:88:6:HAL_ETH_MspInit	488	static
/home/ck/Desktop/Workspace/STM32CubeIDE Workspace/STM32N6570-Ethernet/FSBL/Core/Src/stm32n6xx_hal_msp.c:187:6:HAL_ETH_MspDeInit	16	static
/home/ck/Desktop/Workspace/STM32CubeIDE Workspace/STM32N6570-Ethernet/FSBL/Core/Src/stm32n6xx_hal_msp.c:242:6:HAL_SD_MspInit	464	static
/home/ck/Desktop/Workspace/STM32CubeIDE Workspace/STM32N6570-Ethernet/FSBL/Core/Src/stm32n6xx_hal_msp.c:308:6:HAL_SD_MspDeInit	8	static
/home/ck/Desktop/Workspace/STM32CubeIDE Workspace/STM32N6570-Ethernet/FSBL/Core/Src/stm32n6xx_hal_msp.c:346:6:HAL_UART_MspInit	448	static
/home/ck/Desktop/Workspace/STM32CubeIDE Workspace/STM32N6570-Ethernet/FSBL/Core/Src/stm32n6xx_hal_msp.c:397:6:HAL_UART_MspDeInit	8	static
